
> toolsinc-dashdarkx@1.1.0 build
> next build

  Γû▓ Next.js 14.2.35
  - Environments: .env

   Creating an optimized production build ...
Failed to compile.

./lib/hooks/useAuth.ts
Error: 
  x Expression expected
     ,-[C:\Users\donyalemack\sdtoolsinc-web\lib\hooks\useAuth.ts:267:1]
 267 | }
 268 | 
 269 | export function AuthProvider({ children }: { children: React.ReactNode }) {
 270 |   return <>{children}</>;
     :           ^
 271 | }
     `----

  x Unterminated regexp literal
     ,-[C:\Users\donyalemack\sdtoolsinc-web\lib\hooks\useAuth.ts:267:1]
 267 | }
 268 | 
 269 | export function AuthProvider({ children }: { children: React.ReactNode }) {
 270 |   return <>{children}</>;
     :                       ^^^
 271 | }
     `----

Caused by:
    Syntax Error

Import trace for requested module:
./lib/hooks/useAuth.ts
./app/auth/signup/page.tsx

./app/auth/callback/route.ts
Module not found: Can't resolve '@supabase/supabase-js'

https://nextjs.org/docs/messages/module-not-found


> Build failed because of webpack errors
